// Jest Snapshot v1, https://goo.gl/fbAQLP

exports[`basic connectData component 1`] = `null`;

exports[`basic connectData component 2`] = `
<div>
  <div>
    max
    : 
    14
  </div>
  <div>
    doge
    : 
    5
  </div>
</div>
`;

exports[`the mock-1 and utility functions works 1`] = `<div />`;
